Variables
Running on        : muhka  
targetdir         : /home/barrois/Acene/Anthracene/di-antracene/Struc/IC 
TMPDIR            : /scratch/barrois.253740
I am in           : /home/barrois/Acene/Anthracene/di-antracene/Struc/IC
cp ./Antr_IC26_GG.inp /scratch/barrois.253740/Antr_IC26_GG.F05
unset echo
/home/humbel/fuming/softwares/gamess/2020-R2/ddikick.x /home/humbel/fuming/softwares/gamess/2020-R2/gamess.xmvb.x Antr_IC26_GG -ddi 1 1 muhka -scr /scratch/barrois.253740
unset echo
ls: No match.
ls: No match.
ls: No match.

real	0m25.614s
user	0m0.102s
sys	0m0.142s
cp: cannot stat '/scratch/barrois.253740/Antr_IC26_GG.xmo': No such file or directory
