Variables
Running on        : muhka  
targetdir         : /home/barrois/Acene/Anthracene/di-antracene/Struc/IC 
TMPDIR            : /scratch/barrois.253733
I am in           : /home/barrois/Acene/Anthracene/di-antracene/Struc/IC
cp ./Antr_IC26_GG.inp /scratch/barrois.253733/Antr_IC26_GG.F05
unset echo
/home/humbel/fuming/softwares/gamess/2020-R2/ddikick.x /home/humbel/fuming/softwares/gamess/2020-R2/gamess.xmvb.x Antr_IC26_GG -ddi 1 1 muhka -scr /scratch/barrois.253733
 DDI Process 0: error code 911
 ddikick.x: Fatal error detected.
 The error is most likely to be in the application, so check for
 input errors, disk space, memory needs, application bugs, etc.
 ddikick.x will now clean up all processes, and exit...
unset echo
ls: No match.
ls: No match.
ls: No match.

real	0m2.470s
user	0m0.083s
sys	0m0.142s
cp: cannot stat '/scratch/barrois.253733/Antr_IC26_GG.xmo': No such file or directory
