Variables
Running on        : muhka  
targetdir         : /home/barrois/Acene/Anthracene/di-antracene/Struc/IC 
TMPDIR            : /scratch/barrois.253734
I am in           : /home/barrois/Acene/Anthracene/di-antracene/Struc/IC
cp ./Antr_IC26_GG.inp /scratch/barrois.253734/Antr_IC26_GG.F05
unset echo
/home/humbel/fuming/softwares/gamess/2020-R2/ddikick.x /home/humbel/fuming/softwares/gamess/2020-R2/gamess.xmvb.x Antr_IC26_GG -ddi 1 1 muhka -scr /scratch/barrois.253734
unset echo
ls: No match.
ls: No match.
ls: No match.

real	0m26.392s
user	0m0.087s
sys	0m0.135s
cp: cannot stat '/scratch/barrois.253734/Antr_IC26_GG.xmo': No such file or directory
