Variables
Running on        : muhka  
targetdir         : /home/barrois/Acene/Anthracene/di-antracene/Struc/IC 
TMPDIR            : /scratch/barrois.253735
I am in           : /home/barrois/Acene/Anthracene/di-antracene/Struc/IC
cp ./Antr_IC26_GG.inp /scratch/barrois.253735/Antr_IC26_GG.F05
unset echo
/home/humbel/fuming/softwares/gamess/2020-R2/ddikick.x /home/humbel/fuming/softwares/gamess/2020-R2/gamess.xmvb.x Antr_IC26_GG -ddi 1 1 muhka -scr /scratch/barrois.253735
slurmstepd: error: *** JOB 253735 ON muhka CANCELLED AT 2024-03-01T15:26:33 ***
 ddikick.x: Termination signal (SIGTERM) received.
 DDI Process 0: terminated upon request.
