 0.5479231350   1   0.4737915190   2   2.0000000000   4   0.0051615021   6  
